[     188ms] [INFO] %cDownload the React DevTools for a better development experience: https://react.dev/link/react-devtools font-weight:bold @ http://localhost:5173/node_modules/.vite/deps/react-dom_client.js?v=e1b94887:20102
[     670ms] [VERBOSE] [DOM] Input elements should have autocomplete attributes (suggested: "current-password"): (More info: https://goo.gl/9p2vKq) %o @ http://localhost:5173/invitations/accept?token=V5TzQDFl-UQgB48U-01xtR49pfgFR0C1OxOALyFbAXc:0
[   29182ms] [ERROR] Failed to load resource: the server responded with a status of 403 (Forbidden) @ http://localhost:5173/api/v1/risks:0
[   29190ms] [ERROR] Failed to fetch risks AxiosError: Request failed with status code 403
    at settle (http://localhost:5173/node_modules/.vite/deps/axios.js?v=e1b94887:1654:12)
    at XMLHttpRequest.onloadend (http://localhost:5173/node_modules/.vite/deps/axios.js?v=e1b94887:2160:7) @ http://localhost:5173/src/hooks/useRiskStore.ts:29
[   29203ms] [ERROR] Failed to load resource: the server responded with a status of 403 (Forbidden) @ http://localhost:5173/api/v1/risks:0
[   29204ms] [ERROR] Failed to fetch risks AxiosError: Request failed with status code 403
    at settle (http://localhost:5173/node_modules/.vite/deps/axios.js?v=e1b94887:1654:12)
    at XMLHttpRequest.onloadend (http://localhost:5173/node_modules/.vite/deps/axios.js?v=e1b94887:2160:7) @ http://localhost:5173/src/hooks/useRiskStore.ts:29
[   50584ms] [ERROR] Failed to load resource: the server responded with a status of 403 (Forbidden) @ http://localhost:5173/api/v1/organization:0
[   51592ms] [ERROR] Failed to load resource: the server responded with a status of 403 (Forbidden) @ http://localhost:5173/api/v1/organization:0
[   53602ms] [ERROR] Failed to load resource: the server responded with a status of 403 (Forbidden) @ http://localhost:5173/api/v1/organization:0
[   55693ms] [ERROR] Failed to load resource: the server responded with a status of 403 (Forbidden) @ http://localhost:5173/api/v1/risks:0
[   55697ms] [ERROR] Failed to fetch risks AxiosError: Request failed with status code 403
    at settle (http://localhost:5173/node_modules/.vite/deps/axios.js?v=e1b94887:1654:12)
    at XMLHttpRequest.onloadend (http://localhost:5173/node_modules/.vite/deps/axios.js?v=e1b94887:2160:7) @ http://localhost:5173/src/hooks/useRiskStore.ts:29
[   55715ms] [ERROR] Failed to load resource: the server responded with a status of 403 (Forbidden) @ http://localhost:5173/api/v1/risks:0
[   55717ms] [ERROR] Failed to fetch risks AxiosError: Request failed with status code 403
    at settle (http://localhost:5173/node_modules/.vite/deps/axios.js?v=e1b94887:1654:12)
    at XMLHttpRequest.onloadend (http://localhost:5173/node_modules/.vite/deps/axios.js?v=e1b94887:2160:7) @ http://localhost:5173/src/hooks/useRiskStore.ts:29
[   55918ms] [ERROR] Failed to load resource: the server responded with a status of 403 (Forbidden) @ http://localhost:5173/api/v1/risks:0
[   55920ms] [ERROR] Failed to fetch risks AxiosError: Request failed with status code 403
    at settle (http://localhost:5173/node_modules/.vite/deps/axios.js?v=e1b94887:1654:12)
    at XMLHttpRequest.onloadend (http://localhost:5173/node_modules/.vite/deps/axios.js?v=e1b94887:2160:7) @ http://localhost:5173/src/hooks/useRiskStore.ts:29
[   55943ms] [ERROR] Failed to load resource: the server responded with a status of 403 (Forbidden) @ http://localhost:5173/api/v1/risks:0
[   55945ms] [ERROR] Failed to fetch risks AxiosError: Request failed with status code 403
    at settle (http://localhost:5173/node_modules/.vite/deps/axios.js?v=e1b94887:1654:12)
    at XMLHttpRequest.onloadend (http://localhost:5173/node_modules/.vite/deps/axios.js?v=e1b94887:2160:7) @ http://localhost:5173/src/hooks/useRiskStore.ts:29
